// Vitest Snapshot v1, https://vitest.dev/guide/snapshot.html

exports[`@theme token inventory > matches the locked-down token list 1`] = `
[
  "--radius-sm",
  "--radius-md",
  "--radius-lg",
  "--radius-xl",
  "--radius-2xl",
  "--radius-3xl",
  "--radius-4xl",
  "--radius-full",
  "--color-background",
  "--color-foreground",
  "--color-surface",
  "--color-surface-raised",
  "--color-card",
  "--color-card-foreground",
  "--color-popover",
  "--color-popover-foreground",
  "--color-primary",
  "--color-primary-foreground",
  "--color-secondary",
  "--color-secondary-foreground",
  "--color-muted",
  "--color-muted-foreground",
  "--color-accent",
  "--color-accent-foreground",
  "--color-success",
  "--color-success-foreground",
  "--color-warning",
  "--color-warning-foreground",
  "--color-destructive",
  "--color-destructive-foreground",
  "--color-border",
  "--color-input",
  "--color-ring",
  "--color-ring-offset-background",
  "--color-chart-1",
  "--color-chart-2",
  "--color-chart-3",
  "--color-chart-4",
  "--color-chart-5",
  "--color-sidebar",
  "--color-sidebar-foreground",
  "--color-sidebar-primary",
  "--color-sidebar-primary-foreground",
  "--color-sidebar-accent",
  "--color-sidebar-accent-foreground",
  "--color-sidebar-border",
  "--color-sidebar-ring",
  "--font-display",
  "--font-sans",
  "--font-mono",
  "--font-weight-regular",
  "--font-weight-medium",
  "--font-weight-semibold",
  "--font-variant-numeric-tabular",
  "--text-display",
  "--text-display--line-height",
  "--text-display--font-weight",
  "--text-display--letter-spacing",
  "--text-title",
  "--text-title--line-height",
  "--text-title--font-weight",
  "--text-title--letter-spacing",
  "--text-heading",
  "--text-heading--line-height",
  "--text-heading--font-weight",
  "--text-body",
  "--text-body--line-height",
  "--text-body--font-weight",
  "--text-label",
  "--text-label--line-height",
  "--text-label--font-weight",
  "--text-label--letter-spacing",
  "--text-code",
  "--text-code--line-height",
  "--text-code--font-weight",
  "--spacing-1",
  "--spacing-2",
  "--spacing-3",
  "--spacing-4",
  "--spacing-6",
  "--spacing-8",
  "--spacing-12",
  "--space-1",
  "--space-2",
  "--space-3",
  "--space-4",
  "--space-6",
  "--space-8",
  "--space-12",
  "--icon-xs",
  "--icon-sm",
  "--icon-md",
  "--icon-lg",
  "--icon-xl",
  "--shell-sidebar",
  "--shell-sidebar-collapsed",
  "--shell-topbar",
  "--shell-content-max",
  "--shell-gutter-inline",
  "--shell-gutter-block",
  "--z-content",
  "--z-page-toolbar",
  "--z-sidebar",
  "--z-topbar",
  "--z-menu",
  "--z-sheet",
  "--z-dialog-overlay",
  "--z-dialog",
  "--z-toast",
  "--z-command-palette",
  "--shadow-elevation-0",
  "--shadow-elevation-1",
  "--shadow-elevation-2",
  "--shadow-elevation-3",
  "--shadow-glow-primary",
  "--shadow-inset-hairline",
  "--ring-focus-strong",
  "--elevation-0",
  "--elevation-1",
  "--elevation-2",
  "--elevation-3",
  "--motion-duration-instant",
  "--motion-duration-xs",
  "--motion-duration-sm",
  "--motion-duration-md",
  "--motion-duration-lg",
  "--motion-duration-xl",
  "--motion-easing-standard",
  "--motion-easing-decelerate",
  "--motion-easing-accelerate",
  "--motion-easing-linear",
  "--motion-distance-xs",
  "--motion-distance-sm",
  "--motion-distance-md",
  "--motion-distance-lg",
  "--motion-distance-xl",
  "--duration-instant",
  "--duration-fast",
  "--duration-base",
  "--ease-out",
  "--ease-in-out",
  "--motion-instant",
  "--motion-fast",
  "--motion-base",
  "--motion-ease-out",
  "--motion-ease-in-out",
]
`;
